【INFO】2026-01-05 22:42:06,280 - doubanrankplusoptimized - 豆瓣榜单Plus服务启动，立即运行一次
【INFO】2026-01-05 22:42:09,281 - doubanrankplusoptimized - 开始刷新豆瓣榜单Plus ...
【INFO】2026-01-05 22:42:09,282 - doubanrankplusoptimized - 共 4 个榜单RSS地址需要刷新
【INFO】2026-01-05 22:42:09,285 - doubanrankplusoptimized - 获取RSS：http://192.168.50.6:1200/douban/list/tv_real_time_hotest ...
【INFO】2026-01-05 22:53:34,253 - doubanrankplusoptimized - 豆瓣榜单Plus服务启动，立即运行一次
【INFO】2026-01-05 22:53:37,254 - doubanrankplusoptimized - 开始刷新豆瓣榜单Plus ...
【INFO】2026-01-05 22:53:37,255 - doubanrankplusoptimized - 共 4 个榜单RSS地址需要刷新
【INFO】2026-01-05 22:53:37,258 - doubanrankplusoptimized - 获取RSS：http://192.168.50.6:1200/douban/list/tv_real_time_hotest ...
【INFO】2026-01-05 22:53:38,673 - doubanrankplusoptimized - RSS地址：http://192.168.50.6:1200/douban/list/tv_real_time_hotest ，共 10 条数据
【INFO】2026-01-05 22:53:38,673 - doubanrankplusoptimized - 第 1/4 条订阅数据处理进度: 1/10
【INFO】2026-01-05 22:53:38,674 - doubanrankplusoptimized - 开始处理: Title: 骄阳似我, Year:2025, DBID:None, Type:None
【INFO】2026-01-05 22:53:38,675 - doubanrankplusoptimized - 开始识别 骄阳似我 的媒体信息, 类型: MediaType.UNKNOWN
【INFO】2026-01-05 22:53:39,376 - doubanrankplusoptimized - 已识别到 骄阳似我 (2025) 的媒体信息: 骄阳似我 (2025), 类型: MediaType.TV
【INFO】2026-01-05 22:53:39,401 - emby - 骄阳似我 (2025) 在媒体库 emby 中找到了这些季集：{1: [1, 2, 3, 4, 5, 6, 7, 8, 9, 10, 11, 12, 13, 14, 15, 16, 17, 18, 19, 20, 21, 22, 23, 24, 25, 26, 27, 28, 29]}
【INFO】2026-01-05 22:53:39,407 - doubanrankplusoptimized - 骄阳似我 (2025) 订阅已存在
【INFO】2026-01-05 22:53:39,408 - doubanrankplusoptimized - 第 1/4 条订阅数据处理进度: 2/10
【INFO】2026-01-05 22:53:39,408 - doubanrankplusoptimized - 开始处理: Title: 人之初, Year:2025, DBID:None, Type:None
【INFO】2026-01-05 22:53:39,409 - doubanrankplusoptimized - 开始识别 人之初 的媒体信息, 类型: MediaType.UNKNOWN
【INFO】2026-01-05 22:53:39,735 - doubanrankplusoptimized - 已识别到 人之初 (2025) 的媒体信息: Ludzie (2025), 类型: MediaType.MOVIE
【INFO】2026-01-05 22:53:39,799 - emby - Ludzie (2025) 没有在媒体库 emby 中
【INFO】2026-01-05 22:53:39,817 - subscribe.py - 开始添加订阅，标题：Ludzie ...
【WARNING】2026-01-05 22:53:40,525 - log.py - 没有获取到 Ludzie (2025) 的fanart图片数据
【INFO】2026-01-05 22:53:40,711 - message.py - 将使用模板渲染消息内容
【INFO】2026-01-05 22:53:40,725 - chain - NotificationType.Subscribe 的消息已设置发送给管理员
【INFO】2026-01-05 22:53:40,727 - message.py - 发送消息：{'message': Notification(channel=None, source=None, mtype=<NotificationType.Subscribe: '订阅'>, ctype=<ContentType.SubscribeAdded: 'subscribeAdded'>, title='Ludzie (2025) 已添加订阅', text=None, image='https://image.tmdb.org/t/p/w500/wjBcP9l5c6pXAG76Pn49bbAkaM3.jpg', link='https://moviepilot.whjqhr.com:10938/#/subscribe/movie?tab=mysub', userid=None, username='豆瓣榜单Plus优化版', date=None, action=1, targets={'wechat_userid': 'LiuYuZe', 'telegram_userid': '1318604744', 'douban_userid': '246115913', 'nickname': '刘雨泽'}, buttons=None, original_message_id=None, original_chat_id=None), 'username': '豆瓣榜单Plus优化版', 'current_time': '2026-01-05 22:53:40'}
【INFO】2026-01-05 22:53:42,677 - doubanrankplusoptimized - 已添加订阅: Ludzie (2025) 
【INFO】2026-01-05 22:53:42,680 - doubanrankplusoptimized - 第 1/4 条订阅数据处理进度: 3/10
【INFO】2026-01-05 22:53:42,682 - doubanrankplusoptimized - 开始处理: Title: 剥茧, Year:2025, DBID:None, Type:None
【INFO】2026-01-05 22:53:42,686 - doubanrankplusoptimized - 开始识别 剥茧 的媒体信息, 类型: MediaType.UNKNOWN
【INFO】2026-01-05 22:53:43,442 - doubanrankplusoptimized - 已识别到 剥茧 (2025) 的媒体信息: 剥茧 (2025), 类型: MediaType.TV
【INFO】2026-01-05 22:53:43,480 - emby - 剥茧 (2025) 在媒体库 emby 中找到了这些季集：{1: [1, 2, 3, 4, 5, 6, 7, 8, 9, 10, 11, 12, 13, 14]}
【INFO】2026-01-05 22:53:43,483 - doubanrankplusoptimized - 剥茧 (2025) 订阅已存在
【INFO】2026-01-05 22:53:43,483 - doubanrankplusoptimized - 第 1/4 条订阅数据处理进度: 4/10
【INFO】2026-01-05 22:53:43,483 - doubanrankplusoptimized - 开始处理: Title: 怪奇物语 第五季, Year:2025, DBID:None, Type:None
【INFO】2026-01-05 22:53:43,486 - doubanrankplusoptimized - 开始识别 怪奇物语 第五季 的媒体信息, 类型: MediaType.TV
【INFO】2026-01-05 22:53:43,681 - doubanrankplusoptimized - 已识别到 怪奇物语 第五季 (2025) 的媒体信息: 怪奇物语 (2016), 类型: MediaType.TV
【INFO】2026-01-05 22:53:43,705 - emby - 怪奇物语 (2016) 在媒体库 emby 中找到了这些季集：{1: [1, 2, 3, 4, 5, 6, 7, 8], 2: [1, 2, 3, 4, 5, 6, 7, 8, 9], 3: [1, 2, 3, 4, 5, 6, 7, 8], 4: [1, 2, 3, 4, 5, 6, 7, 8, 9], 5: [1, 2, 3, 4, 5, 6, 7, 8]}
【INFO】2026-01-05 22:53:43,706 - doubanrankplusoptimized - 怪奇物语 (2016) 媒体库中已存在
【INFO】2026-01-05 22:53:43,706 - doubanrankplusoptimized - 第 1/4 条订阅数据处理进度: 5/10
【INFO】2026-01-05 22:53:43,706 - doubanrankplusoptimized - 开始处理: Title: 罚罪2, Year:2025, DBID:None, Type:None
【INFO】2026-01-05 22:53:43,707 - doubanrankplusoptimized - 开始识别 罚罪2 的媒体信息, 类型: MediaType.UNKNOWN
【INFO】2026-01-05 22:53:44,563 - doubanrankplusoptimized - 已识别到 罚罪2 (2025) 的媒体信息: 罚罪2 (2025), 类型: MediaType.TV
【INFO】2026-01-05 22:53:44,582 - emby - 罚罪2 (2025) 在媒体库 emby 中找到了这些季集：{1: [1, 2, 3, 4, 5, 6, 7, 8, 9, 10, 11, 12, 13, 14, 15, 16, 17, 18, 19, 20, 21, 22, 23, 24, 25, 26]}
【INFO】2026-01-05 22:53:44,583 - doubanrankplusoptimized - 罚罪2 (2025) 订阅已存在
【INFO】2026-01-05 22:53:44,583 - doubanrankplusoptimized - 第 1/4 条订阅数据处理进度: 6/10
【INFO】2026-01-05 22:53:44,583 - doubanrankplusoptimized - 开始处理: Title: 长安二十四计, Year:2025, DBID:None, Type:None
【INFO】2026-01-05 22:53:44,584 - doubanrankplusoptimized - 开始识别 长安二十四计 的媒体信息, 类型: MediaType.UNKNOWN
【INFO】2026-01-05 22:53:45,512 - doubanrankplusoptimized - 已识别到 长安二十四计 (2025) 的媒体信息: 长安二十四计 (2025), 类型: MediaType.TV
【INFO】2026-01-05 22:53:45,534 - emby - 长安二十四计 (2025) 在媒体库 emby 中找到了这些季集：{1: [1, 2, 3, 4, 5, 6, 7, 8, 9, 10, 11, 12, 13, 14, 15, 16, 17, 18, 19, 20, 21, 22, 23, 24, 25, 26, 27, 28]}
【INFO】2026-01-05 22:53:45,535 - doubanrankplusoptimized - 长安二十四计 (2025) 媒体库中已存在
【INFO】2026-01-05 22:53:45,535 - doubanrankplusoptimized - 第 1/4 条订阅数据处理进度: 7/10
【INFO】2026-01-05 22:53:45,535 - doubanrankplusoptimized - 开始处理: Title: 海市蜃楼, Year:2025, DBID:None, Type:None
【INFO】2026-01-05 22:53:45,536 - doubanrankplusoptimized - 开始识别 海市蜃楼 的媒体信息, 类型: MediaType.UNKNOWN
【INFO】2026-01-05 22:53:46,533 - doubanrankplusoptimized - 已识别到 海市蜃楼 (2025) 的媒体信息: 海市蜃楼 (2025), 类型: MediaType.TV
【INFO】2026-01-05 22:53:46,553 - emby - 海市蜃楼 (2025) 在媒体库 emby 中找到了这些季集：{1: [1, 2, 3, 4, 5, 6, 7, 8, 9, 10, 11, 12, 13, 14, 15, 16, 17, 18, 19, 20, 21, 22, 23, 24]}
【INFO】2026-01-05 22:53:46,553 - doubanrankplusoptimized - 海市蜃楼 (2025) 媒体库中已存在
【INFO】2026-01-05 22:53:46,554 - doubanrankplusoptimized - 第 1/4 条订阅数据处理进度: 8/10
【INFO】2026-01-05 22:53:46,554 - doubanrankplusoptimized - 开始处理: Title: 玉茗茶骨, Year:2025, DBID:None, Type:None
【INFO】2026-01-05 22:53:46,555 - doubanrankplusoptimized - 开始识别 玉茗茶骨 的媒体信息, 类型: MediaType.UNKNOWN
【INFO】2026-01-05 22:53:47,340 - doubanrankplusoptimized - 已识别到 玉茗茶骨 (2025) 的媒体信息: 玉茗茶骨 (2025), 类型: MediaType.TV
【INFO】2026-01-05 22:53:47,353 - emby - 玉茗茶骨 (2025) 在媒体库 emby 中找到了这些季集：{1: [1, 2, 3, 4, 5, 6, 7, 8, 9, 10, 11, 12, 13, 14, 15]}
【INFO】2026-01-05 22:53:47,355 - doubanrankplusoptimized - 玉茗茶骨 (2025) 订阅已存在
【INFO】2026-01-05 22:53:47,355 - doubanrankplusoptimized - 第 1/4 条订阅数据处理进度: 9/10
【INFO】2026-01-05 22:53:47,356 - doubanrankplusoptimized - 开始处理: Title: 反人类暴行, Year:2025, DBID:None, Type:None
【INFO】2026-01-05 22:53:47,356 - doubanrankplusoptimized - 开始识别 反人类暴行 的媒体信息, 类型: MediaType.UNKNOWN
【INFO】2026-01-05 22:53:48,045 - doubanrankplusoptimized - 已识别到 反人类暴行 (2025) 的媒体信息: 反人类暴行 (2025), 类型: MediaType.TV
【INFO】2026-01-05 22:53:48,067 - emby - 反人类暴行 (2025) 在媒体库 emby 中找到了这些季集：{1: [1, 2, 3, 4, 5, 6, 7, 8, 9, 10, 11, 12, 13, 14, 15, 16, 17, 18, 19, 20]}
【INFO】2026-01-05 22:53:48,069 - subscribe.py - 开始添加订阅，标题：反人类暴行 ...
【WARNING】2026-01-05 22:53:48,235 - log.py - 没有获取到 反人类暴行 (2025) 的fanart图片数据
【INFO】2026-01-05 22:53:48,251 - message.py - 将使用模板渲染消息内容
【INFO】2026-01-05 22:53:48,261 - chain - NotificationType.Subscribe 的消息已设置发送给管理员
【INFO】2026-01-05 22:53:48,263 - message.py - 发送消息：{'message': Notification(channel=None, source=None, mtype=<NotificationType.Subscribe: '订阅'>, ctype=<ContentType.SubscribeAdded: 'subscribeAdded'>, title='反人类暴行 (2025) S01 已添加订阅', text=None, image='https://image.tmdb.org/t/p/w500/mPZgA3bKjYdxiVFzvdZytjrQVrA.jpg', link='https://moviepilot.whjqhr.com:10938/#/subscribe/tv?tab=mysub', userid=None, username='豆瓣榜单Plus优化版', date=None, action=1, targets={'wechat_userid': 'LiuYuZe', 'telegram_userid': '1318604744', 'douban_userid': '246115913', 'nickname': '刘雨泽'}, buttons=None, original_message_id=None, original_chat_id=None), 'username': '豆瓣榜单Plus优化版', 'current_time': '2026-01-05 22:53:48'}
【INFO】2026-01-05 22:53:49,203 - doubanrankplusoptimized - 已添加订阅: 反人类暴行 (2025) 第 1 季
【INFO】2026-01-05 22:53:49,205 - doubanrankplusoptimized - 第 1/4 条订阅数据处理进度: 10/10
【INFO】2026-01-05 22:53:49,207 - doubanrankplusoptimized - 开始处理: Title: 巅峰对决 第一季, Year:2025, DBID:None, Type:None
【INFO】2026-01-05 22:53:49,210 - doubanrankplusoptimized - 开始识别 巅峰对决 第一季 的媒体信息, 类型: MediaType.TV
【INFO】2026-01-05 22:53:49,539 - doubanrankplusoptimized - 已识别到 巅峰对决 第一季 (2025) 的媒体信息: 巅峰对决 (2025), 类型: MediaType.TV
【INFO】2026-01-05 22:53:49,555 - emby - 巅峰对决 (2025) 在媒体库 emby 中找到了这些季集：{1: [1, 2, 3, 4, 5, 6]}
【INFO】2026-01-05 22:53:49,555 - doubanrankplusoptimized - 巅峰对决 (2025) 媒体库中已存在
【INFO】2026-01-05 22:53:49,555 - doubanrankplusoptimized - 保存榜单 http://192.168.50.6:1200/douban/list/tv_real_time_hotest 处理后的历史记录
【INFO】2026-01-05 22:53:49,566 - doubanrankplusoptimized - 获取RSS：http://192.168.50.6:1200/douban/list/tv_global_best_weekly ...
【INFO】2026-01-05 22:53:50,358 - doubanrankplusoptimized - RSS地址：http://192.168.50.6:1200/douban/list/tv_global_best_weekly ，共 10 条数据
【INFO】2026-01-05 22:53:50,359 - doubanrankplusoptimized - 第 2/4 条订阅数据处理进度: 1/10
【INFO】2026-01-05 22:53:50,359 - doubanrankplusoptimized - 开始处理: Title: 巅峰对决 第一季, Year:2025, DBID:37202886, Type:None
【INFO】2026-01-05 22:53:50,360 - doubanrankplusoptimized - 随机休眠范围: 3,10, 此次休眠时间: 8.8 秒
【INFO】2026-01-05 22:53:59,161 - doubanrankplusoptimized - 开始通过豆瓣ID 37202886 获取 巅峰对决 第一季 的TMDB信息, 类型: MediaType.TV
【INFO】2026-01-05 22:53:59,161 - doubanrankplusoptimized - 开始获取豆瓣信息：37202886 ...
【INFO】2026-01-05 22:53:59,542 - themoviedb - 开始使用 名称：Heated Rivalry Season 1 年份：2025 匹配TMDB信息 ...
【INFO】2026-01-05 22:54:00,677 - themoviedb - 开始使用 名称：巅峰对决 第一季 年份：2025 匹配TMDB信息 ...
【INFO】2026-01-05 22:54:01,763 - themoviedb - 开始使用 名称：巅峰对决 年份：2025 匹配TMDB信息 ...
【INFO】2026-01-05 22:54:01,764 - doubanrankplusoptimized - 继续通过TMDBID 301507 识别 巅峰对决 第一季 的媒体信息, 类型: MediaType.TV
【INFO】2026-01-05 22:54:01,768 - doubanrankplusoptimized - 已识别到 巅峰对决 第一季 (2025) 的媒体信息: 巅峰对决 (2025), 类型: MediaType.TV
【INFO】2026-01-05 22:54:01,779 - emby - 巅峰对决 (2025) 在媒体库 emby 中找到了这些季集：{1: [1, 2, 3, 4, 5, 6]}
【INFO】2026-01-05 22:54:01,779 - doubanrankplusoptimized - 巅峰对决 (2025) 媒体库中已存在
【INFO】2026-01-05 22:54:01,779 - doubanrankplusoptimized - 第 2/4 条订阅数据处理进度: 2/10
【INFO】2026-01-05 22:54:01,779 - doubanrankplusoptimized - 开始处理: Title: 怪奇物语 第五季, Year:2025, DBID:35774681, Type:None
【INFO】2026-01-05 22:54:01,779 - doubanrankplusoptimized - 随机休眠范围: 3,10, 此次休眠时间: 7.2 秒
【INFO】2026-01-05 22:54:08,980 - doubanrankplusoptimized - 开始通过豆瓣ID 35774681 获取 怪奇物语 第五季 的TMDB信息, 类型: MediaType.TV
【INFO】2026-01-05 22:54:08,980 - doubanrankplusoptimized - 开始获取豆瓣信息：35774681 ...
【INFO】2026-01-05 22:54:09,296 - themoviedb - 开始使用 名称：Stranger Things Season 5 年份：2025 匹配TMDB信息 ...
【INFO】2026-01-05 22:54:10,359 - themoviedb - 开始使用 名称：怪奇物语 第五季 年份：2025 匹配TMDB信息 ...
【INFO】2026-01-05 22:54:11,455 - themoviedb - 开始使用 名称：怪奇物语 年份：2025 匹配TMDB信息 ...
【INFO】2026-01-05 22:54:11,459 - doubanrankplusoptimized - 继续通过TMDBID 66732 识别 怪奇物语 第五季 的媒体信息, 类型: MediaType.TV
【INFO】2026-01-05 22:54:11,468 - doubanrankplusoptimized - 已识别到 怪奇物语 第五季 (2025) 的媒体信息: 怪奇物语 (2016), 类型: MediaType.TV
【INFO】2026-01-05 22:54:11,481 - emby - 怪奇物语 (2016) 在媒体库 emby 中找到了这些季集：{1: [1, 2, 3, 4, 5, 6, 7, 8], 2: [1, 2, 3, 4, 5, 6, 7, 8, 9], 3: [1, 2, 3, 4, 5, 6, 7, 8], 4: [1, 2, 3, 4, 5, 6, 7, 8, 9], 5: [1, 2, 3, 4, 5, 6, 7, 8]}
【INFO】2026-01-05 22:54:11,481 - doubanrankplusoptimized - 怪奇物语 (2016) 媒体库中已存在
【INFO】2026-01-05 22:54:11,481 - doubanrankplusoptimized - 第 2/4 条订阅数据处理进度: 3/10
【INFO】2026-01-05 22:54:11,481 - doubanrankplusoptimized - 开始处理: Title: 泰勒·斯威夫特：时代巡回演唱会，一个时代的结束, Year:2025, DBID:37661892, Type:None
【INFO】2026-01-05 22:54:11,482 - doubanrankplusoptimized - 随机休眠范围: 3,10, 此次休眠时间: 3.2 秒
【INFO】2026-01-05 22:54:14,682 - doubanrankplusoptimized - 开始通过豆瓣ID 37661892 获取 泰勒·斯威夫特：时代巡回演唱会，一个时代的结束 的TMDB信息, 类型: MediaType.UNKNOWN
【INFO】2026-01-05 22:54:14,683 - doubanrankplusoptimized - 开始获取豆瓣信息：37661892 ...
【WARNING】2026-01-05 22:54:15,025 - log.py - 未识别到 泰勒·斯威夫特：时代巡回演唱会，一个时代的结束 的TMDB信息, 豆瓣ID: 37661892 
【INFO】2026-01-05 22:54:15,026 - doubanrankplusoptimized - 第 2/4 条订阅数据处理进度: 4/10
【INFO】2026-01-05 22:54:15,026 - doubanrankplusoptimized - 开始处理: Title: 潮躁女人 第一季, Year:2025, DBID:36809698, Type:None
【INFO】2026-01-05 22:54:15,027 - doubanrankplusoptimized - 随机休眠范围: 3,10, 此次休眠时间: 6.8 秒
【INFO】2026-01-05 22:54:21,828 - doubanrankplusoptimized - 开始通过豆瓣ID 36809698 获取 潮躁女人 第一季 的TMDB信息, 类型: MediaType.TV
【INFO】2026-01-05 22:54:21,829 - doubanrankplusoptimized - 开始获取豆瓣信息：36809698 ...
【INFO】2026-01-05 22:54:22,320 - themoviedb - 开始使用 名称：Riot Women Season 1 年份：2025 匹配TMDB信息 ...
【INFO】2026-01-05 22:54:23,384 - themoviedb - 开始使用 名称：潮躁女人 第一季 年份：2025 匹配TMDB信息 ...
【INFO】2026-01-05 22:54:24,423 - themoviedb - 开始使用 名称：潮躁女人 年份：2025 匹配TMDB信息 ...
【INFO】2026-01-05 22:54:24,580 - doubanrankplusoptimized - 继续通过TMDBID 271938 识别 潮躁女人 第一季 的媒体信息, 类型: MediaType.TV
【INFO】2026-01-05 22:54:24,585 - doubanrankplusoptimized - 已识别到 潮躁女人 第一季 (2025) 的媒体信息: 反叛女人 (2025), 类型: MediaType.TV
【INFO】2026-01-05 22:54:24,597 - emby - 反叛女人 (2025) 没有在媒体库 emby 中
【INFO】2026-01-05 22:54:24,605 - doubanrankplusoptimized - 反叛女人 (2025) 订阅已存在
【INFO】2026-01-05 22:54:24,605 - doubanrankplusoptimized - 第 2/4 条订阅数据处理进度: 5/10
【INFO】2026-01-05 22:54:24,605 - doubanrankplusoptimized - 开始处理: Title: 都是她的错, Year:2025, DBID:36778966, Type:None
【INFO】2026-01-05 22:54:24,606 - doubanrankplusoptimized - 随机休眠范围: 3,10, 此次休眠时间: 3.2 秒
【INFO】2026-01-05 22:54:27,806 - doubanrankplusoptimized - 开始通过豆瓣ID 36778966 获取 都是她的错 的TMDB信息, 类型: MediaType.UNKNOWN
【INFO】2026-01-05 22:54:27,807 - doubanrankplusoptimized - 开始获取豆瓣信息：36778966 ...
【WARNING】2026-01-05 22:54:27,900 - log.py - 未识别到 都是她的错 的TMDB信息, 豆瓣ID: 36778966 
【INFO】2026-01-05 22:54:27,901 - doubanrankplusoptimized - 第 2/4 条订阅数据处理进度: 6/10
【INFO】2026-01-05 22:54:27,901 - doubanrankplusoptimized - 开始处理: Title: 狱乱情迷, Year:2025, DBID:37202826, Type:None
【INFO】2026-01-05 22:54:27,902 - doubanrankplusoptimized - 随机休眠范围: 3,10, 此次休眠时间: 4.6 秒
【INFO】2026-01-05 22:54:32,503 - doubanrankplusoptimized - 开始通过豆瓣ID 37202826 获取 狱乱情迷 的TMDB信息, 类型: MediaType.UNKNOWN
【INFO】2026-01-05 22:54:32,503 - doubanrankplusoptimized - 开始获取豆瓣信息：37202826 ...
【WARNING】2026-01-05 22:54:32,592 - log.py - 未识别到 狱乱情迷 的TMDB信息, 豆瓣ID: 37202826 
【INFO】2026-01-05 22:54:32,592 - doubanrankplusoptimized - 第 2/4 条订阅数据处理进度: 7/10
【INFO】2026-01-05 22:54:32,593 - doubanrankplusoptimized - 开始处理: Title: 同乐者 第一季, Year:2025, DBID:36352371, Type:None
【INFO】2026-01-05 22:54:32,594 - doubanrankplusoptimized - 随机休眠范围: 3,10, 此次休眠时间: 8.1 秒
【INFO】2026-01-05 22:54:40,694 - doubanrankplusoptimized - 开始通过豆瓣ID 36352371 获取 同乐者 第一季 的TMDB信息, 类型: MediaType.TV
【INFO】2026-01-05 22:54:40,695 - doubanrankplusoptimized - 开始获取豆瓣信息：36352371 ...
【INFO】2026-01-05 22:54:40,979 - themoviedb - 开始使用 名称：Pluribus Season 1 年份：2025 匹配TMDB信息 ...
【INFO】2026-01-05 22:54:42,028 - themoviedb - 开始使用 名称：同乐者 第一季 年份：2025 匹配TMDB信息 ...
【INFO】2026-01-05 22:54:43,072 - themoviedb - 开始使用 名称：同乐者 年份：2025 匹配TMDB信息 ...
【INFO】2026-01-05 22:54:43,386 - doubanrankplusoptimized - 继续通过TMDBID 225171 识别 同乐者 第一季 的媒体信息, 类型: MediaType.TV
【INFO】2026-01-05 22:54:43,391 - doubanrankplusoptimized - 已识别到 同乐者 第一季 (2025) 的媒体信息: 同乐者 (2025), 类型: MediaType.TV
【INFO】2026-01-05 22:54:43,402 - emby - 同乐者 (2025) 在媒体库 emby 中找到了这些季集：{1: [1, 2, 3, 4, 5, 6, 7, 8, 9]}
【INFO】2026-01-05 22:54:43,402 - doubanrankplusoptimized - 同乐者 (2025) 媒体库中已存在
【INFO】2026-01-05 22:54:43,402 - doubanrankplusoptimized - 第 2/4 条订阅数据处理进度: 8/10
【INFO】2026-01-05 22:54:43,402 - doubanrankplusoptimized - 开始处理: Title: 辐射 第二季, Year:2025, DBID:36846801, Type:None
【INFO】2026-01-05 22:54:43,403 - doubanrankplusoptimized - 随机休眠范围: 3,10, 此次休眠时间: 3.1 秒
【INFO】2026-01-05 22:54:46,504 - doubanrankplusoptimized - 开始通过豆瓣ID 36846801 获取 辐射 第二季 的TMDB信息, 类型: MediaType.TV
【INFO】2026-01-05 22:54:46,504 - doubanrankplusoptimized - 开始获取豆瓣信息：36846801 ...
【INFO】2026-01-05 22:54:46,746 - themoviedb - 开始使用 名称：Fallout Season 2 年份：2025 匹配TMDB信息 ...
【INFO】2026-01-05 22:54:47,823 - themoviedb - 开始使用 名称：辐射 第二季 年份：2025 匹配TMDB信息 ...
【INFO】2026-01-05 22:54:48,874 - themoviedb - 开始使用 名称：辐射 年份：2025 匹配TMDB信息 ...
【INFO】2026-01-05 22:54:49,034 - doubanrankplusoptimized - 继续通过TMDBID 106379 识别 辐射 第二季 的媒体信息, 类型: MediaType.TV
【INFO】2026-01-05 22:54:49,046 - doubanrankplusoptimized - 已识别到 辐射 第二季 (2025) 的媒体信息: 辐射 (2024), 类型: MediaType.TV
【INFO】2026-01-05 22:54:49,059 - emby - 辐射 (2024) 在媒体库 emby 中找到了这些季集：{1: [1, 2, 3, 4, 5, 6, 7, 8], 2: [1, 2, 3]}
【INFO】2026-01-05 22:54:49,059 - doubanrankplusoptimized - 辐射 (2024) 第 1 季媒体库中已存在，跳过订阅
【INFO】2026-01-05 22:54:49,060 - doubanrankplusoptimized - 辐射 (2024) 订阅已存在
【INFO】2026-01-05 22:54:49,061 - doubanrankplusoptimized - 第 2/4 条订阅数据处理进度: 9/10
【INFO】2026-01-05 22:54:49,061 - doubanrankplusoptimized - 开始处理: Title: 小丑回魂：欢迎来到德里镇 第一季, Year:2025, DBID:35819117, Type:None
【INFO】2026-01-05 22:54:49,061 - doubanrankplusoptimized - 随机休眠范围: 3,10, 此次休眠时间: 6.1 秒
【INFO】2026-01-05 22:54:55,162 - doubanrankplusoptimized - 开始通过豆瓣ID 35819117 获取 小丑回魂：欢迎来到德里镇 第一季 的TMDB信息, 类型: MediaType.TV
【INFO】2026-01-05 22:54:55,162 - doubanrankplusoptimized - 开始获取豆瓣信息：35819117 ...
【INFO】2026-01-05 22:54:55,442 - themoviedb - 开始使用 名称：IT: Welcome to Derry Season 1 年份：2025 匹配TMDB信息 ...
【INFO】2026-01-05 22:54:56,589 - themoviedb - 开始使用 名称：小丑回魂：欢迎来到德里镇 第一季 年份：2025 匹配TMDB信息 ...
【INFO】2026-01-05 22:54:57,705 - themoviedb - 开始使用 名称：小丑回魂：欢迎来到德里镇 年份：2025 匹配TMDB信息 ...
【INFO】2026-01-05 22:54:58,022 - doubanrankplusoptimized - 继续通过TMDBID 200875 识别 小丑回魂：欢迎来到德里镇 第一季 的媒体信息, 类型: MediaType.TV
【INFO】2026-01-05 22:54:58,028 - doubanrankplusoptimized - 已识别到 小丑回魂：欢迎来到德里镇 第一季 (2025) 的媒体信息: 小丑回魂：欢迎来到德里镇 (2025), 类型: MediaType.TV
【INFO】2026-01-05 22:54:58,039 - emby - 小丑回魂：欢迎来到德里镇 (2025) 在媒体库 emby 中找到了这些季集：{1: [1, 2, 3, 4, 5, 6, 7, 8]}
【INFO】2026-01-05 22:54:58,039 - doubanrankplusoptimized - 小丑回魂：欢迎来到德里镇 (2025) 媒体库中已存在
【INFO】2026-01-05 22:54:58,040 - doubanrankplusoptimized - 第 2/4 条订阅数据处理进度: 10/10
【INFO】2026-01-05 22:54:58,040 - doubanrankplusoptimized - 开始处理: Title: 模范出租车3, Year:2025, DBID:36363117, Type:None
【INFO】2026-01-05 22:54:58,040 - doubanrankplusoptimized - 随机休眠范围: 3,10, 此次休眠时间: 4.3 秒
【INFO】2026-01-05 22:55:02,340 - doubanrankplusoptimized - 开始通过豆瓣ID 36363117 获取 模范出租车3 的TMDB信息, 类型: MediaType.UNKNOWN
【INFO】2026-01-05 22:55:02,341 - doubanrankplusoptimized - 开始获取豆瓣信息：36363117 ...
【WARNING】2026-01-05 22:55:02,653 - log.py - 未识别到 模范出租车3 的TMDB信息, 豆瓣ID: 36363117 
【INFO】2026-01-05 22:55:02,654 - doubanrankplusoptimized - 保存榜单 http://192.168.50.6:1200/douban/list/tv_global_best_weekly 处理后的历史记录
【INFO】2026-01-05 22:55:02,667 - doubanrankplusoptimized - 获取RSS：http://192.168.50.6:1200/douban/list/tv_chinese_best_weekly ...
【INFO】2026-01-05 22:55:03,522 - doubanrankplusoptimized - RSS地址：http://192.168.50.6:1200/douban/list/tv_chinese_best_weekly ，共 10 条数据
【INFO】2026-01-05 22:55:03,522 - doubanrankplusoptimized - 第 3/4 条订阅数据处理进度: 1/10
【INFO】2026-01-05 22:55:03,523 - doubanrankplusoptimized - 开始处理: Title: 反人类暴行, Year:2025, DBID:37033221, Type:None
【INFO】2026-01-05 22:55:03,524 - doubanrankplusoptimized - 随机休眠范围: 3,10, 此次休眠时间: 4.8 秒
【INFO】2026-01-05 22:55:08,324 - doubanrankplusoptimized - 开始通过豆瓣ID 37033221 获取 反人类暴行 的TMDB信息, 类型: MediaType.UNKNOWN
【INFO】2026-01-05 22:55:08,325 - doubanrankplusoptimized - 开始获取豆瓣信息：37033221 ...
【WARNING】2026-01-05 22:55:08,413 - log.py - 未识别到 反人类暴行 的TMDB信息, 豆瓣ID: 37033221 
【INFO】2026-01-05 22:55:08,413 - doubanrankplusoptimized - 第 3/4 条订阅数据处理进度: 2/10
【INFO】2026-01-05 22:55:08,414 - doubanrankplusoptimized - 开始处理: Title: 海市蜃楼, Year:2025, DBID:36382628, Type:None
【INFO】2026-01-05 22:55:08,415 - doubanrankplusoptimized - 随机休眠范围: 3,10, 此次休眠时间: 9.8 秒
【INFO】2026-01-05 22:55:18,215 - doubanrankplusoptimized - 开始通过豆瓣ID 36382628 获取 海市蜃楼 的TMDB信息, 类型: MediaType.UNKNOWN
【INFO】2026-01-05 22:55:18,216 - doubanrankplusoptimized - 开始获取豆瓣信息：36382628 ...
【WARNING】2026-01-05 22:55:18,502 - log.py - 未识别到 海市蜃楼 的TMDB信息, 豆瓣ID: 36382628 
【INFO】2026-01-05 22:55:18,502 - doubanrankplusoptimized - 第 3/4 条订阅数据处理进度: 3/10
【INFO】2026-01-05 22:55:18,503 - doubanrankplusoptimized - 开始处理: Title: 唐诡奇谭, Year:2025, DBID:36700715, Type:None
【INFO】2026-01-05 22:55:18,504 - doubanrankplusoptimized - 随机休眠范围: 3,10, 此次休眠时间: 9.6 秒
【INFO】2026-01-05 22:55:28,104 - doubanrankplusoptimized - 开始通过豆瓣ID 36700715 获取 唐诡奇谭 的TMDB信息, 类型: MediaType.UNKNOWN
【INFO】2026-01-05 22:55:28,105 - doubanrankplusoptimized - 开始获取豆瓣信息：36700715 ...
【WARNING】2026-01-05 22:55:28,193 - log.py - 未识别到 唐诡奇谭 的TMDB信息, 豆瓣ID: 36700715 
【INFO】2026-01-05 22:55:28,194 - doubanrankplusoptimized - 第 3/4 条订阅数据处理进度: 4/10
【INFO】2026-01-05 22:55:28,194 - doubanrankplusoptimized - 开始处理: Title: 新闻女王2, Year:2025, DBID:36680552, Type:None
【INFO】2026-01-05 22:55:28,195 - doubanrankplusoptimized - 随机休眠范围: 3,10, 此次休眠时间: 4.0 秒
【INFO】2026-01-05 22:55:32,195 - doubanrankplusoptimized - 开始通过豆瓣ID 36680552 获取 新闻女王2 的TMDB信息, 类型: MediaType.UNKNOWN
【INFO】2026-01-05 22:55:32,196 - doubanrankplusoptimized - 开始获取豆瓣信息：36680552 ...
【WARNING】2026-01-05 22:55:32,295 - log.py - 未识别到 新闻女王2 的TMDB信息, 豆瓣ID: 36680552 
【INFO】2026-01-05 22:55:32,296 - doubanrankplusoptimized - 第 3/4 条订阅数据处理进度: 5/10
【INFO】2026-01-05 22:55:32,296 - doubanrankplusoptimized - 开始处理: Title: 大生意人, Year:2025, DBID:35496393, Type:None
【INFO】2026-01-05 22:55:32,296 - doubanrankplusoptimized - 随机休眠范围: 3,10, 此次休眠时间: 6.6 秒
【INFO】2026-01-05 22:55:38,897 - doubanrankplusoptimized - 开始通过豆瓣ID 35496393 获取 大生意人 的TMDB信息, 类型: MediaType.UNKNOWN
【INFO】2026-01-05 22:55:38,897 - doubanrankplusoptimized - 开始获取豆瓣信息：35496393 ...
【WARNING】2026-01-05 22:55:38,983 - log.py - 未识别到 大生意人 的TMDB信息, 豆瓣ID: 35496393 
【INFO】2026-01-05 22:55:38,984 - doubanrankplusoptimized - 第 3/4 条订阅数据处理进度: 6/10
【INFO】2026-01-05 22:55:38,984 - doubanrankplusoptimized - 开始处理: Title: 监所男子囚生记, Year:2025, DBID:37116308, Type:None
【INFO】2026-01-05 22:55:38,985 - doubanrankplusoptimized - 随机休眠范围: 3,10, 此次休眠时间: 8.4 秒
【INFO】2026-01-05 22:55:47,385 - doubanrankplusoptimized - 开始通过豆瓣ID 37116308 获取 监所男子囚生记 的TMDB信息, 类型: MediaType.UNKNOWN
【INFO】2026-01-05 22:55:47,386 - doubanrankplusoptimized - 开始获取豆瓣信息：37116308 ...
【WARNING】2026-01-05 22:55:47,813 - log.py - 未识别到 监所男子囚生记 的TMDB信息, 豆瓣ID: 37116308 
【INFO】2026-01-05 22:55:47,814 - doubanrankplusoptimized - 第 3/4 条订阅数据处理进度: 7/10
【INFO】2026-01-05 22:55:47,814 - doubanrankplusoptimized - 开始处理: Title: 老舅, Year:2025, DBID:36638134, Type:None
【INFO】2026-01-05 22:55:47,815 - doubanrankplusoptimized - 随机休眠范围: 3,10, 此次休眠时间: 8.1 秒
【INFO】2026-01-05 22:55:55,915 - doubanrankplusoptimized - 开始通过豆瓣ID 36638134 获取 老舅 的TMDB信息, 类型: MediaType.UNKNOWN
【INFO】2026-01-05 22:55:55,915 - doubanrankplusoptimized - 开始获取豆瓣信息：36638134 ...
【WARNING】2026-01-05 22:55:56,042 - log.py - 未识别到 老舅 的TMDB信息, 豆瓣ID: 36638134 
【INFO】2026-01-05 22:55:56,043 - doubanrankplusoptimized - 第 3/4 条订阅数据处理进度: 8/10
【INFO】2026-01-05 22:55:56,043 - doubanrankplusoptimized - 开始处理: Title: 冒姓琅琊, Year:2025, DBID:37821831, Type:None
【INFO】2026-01-05 22:55:56,044 - doubanrankplusoptimized - 随机休眠范围: 3,10, 此次休眠时间: 5.3 秒
【INFO】2026-01-05 22:56:01,345 - doubanrankplusoptimized - 开始通过豆瓣ID 37821831 获取 冒姓琅琊 的TMDB信息, 类型: MediaType.UNKNOWN
【INFO】2026-01-05 22:56:01,345 - doubanrankplusoptimized - 开始获取豆瓣信息：37821831 ...
【WARNING】2026-01-05 22:56:01,431 - log.py - 未识别到 冒姓琅琊 的TMDB信息, 豆瓣ID: 37821831 
【INFO】2026-01-05 22:56:01,431 - doubanrankplusoptimized - 第 3/4 条订阅数据处理进度: 9/10
【INFO】2026-01-05 22:56:01,431 - doubanrankplusoptimized - 开始处理: Title: 狙击蝴蝶, Year:2025, DBID:36513485, Type:None
【INFO】2026-01-05 22:56:01,432 - doubanrankplusoptimized - 随机休眠范围: 3,10, 此次休眠时间: 4.6 秒
【INFO】2026-01-05 22:56:06,033 - doubanrankplusoptimized - 开始通过豆瓣ID 36513485 获取 狙击蝴蝶 的TMDB信息, 类型: MediaType.UNKNOWN
【INFO】2026-01-05 22:56:06,034 - doubanrankplusoptimized - 开始获取豆瓣信息：36513485 ...
【WARNING】2026-01-05 22:56:06,186 - log.py - 未识别到 狙击蝴蝶 的TMDB信息, 豆瓣ID: 36513485 
【INFO】2026-01-05 22:56:06,187 - doubanrankplusoptimized - 第 3/4 条订阅数据处理进度: 10/10
【INFO】2026-01-05 22:56:06,187 - doubanrankplusoptimized - 开始处理: Title: 如果我不曾见过太阳 第二季, Year:2025, DBID:36700740, Type:None
【INFO】2026-01-05 22:56:06,188 - doubanrankplusoptimized - 随机休眠范围: 3,10, 此次休眠时间: 5.7 秒
【INFO】2026-01-05 22:56:11,894 - doubanrankplusoptimized - 开始通过豆瓣ID 36700740 获取 如果我不曾见过太阳 第二季 的TMDB信息, 类型: MediaType.TV
【INFO】2026-01-05 22:56:11,904 - doubanrankplusoptimized - 开始获取豆瓣信息：36700740 ...
【INFO】2026-01-05 22:56:12,507 - themoviedb - 开始使用 名称：如果我不曾見過太陽 第二季 年份：2025 匹配TMDB信息 ...
【INFO】2026-01-05 22:56:13,264 - themoviedb - 开始使用 名称：如果我不曾见过太阳 第二季 年份：2025 匹配TMDB信息 ...
【INFO】2026-01-05 22:56:13,923 - themoviedb - 开始使用 名称：如果我不曾见过太阳 年份：2025 匹配TMDB信息 ...
【INFO】2026-01-05 22:56:14,261 - doubanrankplusoptimized - 继续通过TMDBID 241576 识别 如果我不曾见过太阳 第二季 的媒体信息, 类型: MediaType.TV
【INFO】2026-01-05 22:56:14,269 - doubanrankplusoptimized - 已识别到 如果我不曾见过太阳 第二季 (2025) 的媒体信息: 如果我不曾见过太阳 (2025), 类型: MediaType.TV
【INFO】2026-01-05 22:56:14,284 - emby - 如果我不曾见过太阳 (2025) 在媒体库 emby 中找到了这些季集：{1: [1, 2, 3, 4, 5, 6, 7, 8, 9, 10], 2: [1, 2, 3, 4, 5, 6, 7, 8, 9, 10]}
【INFO】2026-01-05 22:56:14,284 - doubanrankplusoptimized - 如果我不曾见过太阳 (2025) 媒体库中已存在
【INFO】2026-01-05 22:56:14,284 - doubanrankplusoptimized - 保存榜单 http://192.168.50.6:1200/douban/list/tv_chinese_best_weekly 处理后的历史记录
【INFO】2026-01-05 22:56:14,301 - doubanrankplusoptimized - 获取RSS：http://192.168.50.6:1200/douban/list/ECFA5DI7Q/&dt_dapp=1 ...
【INFO】2026-01-05 22:56:15,776 - doubanrankplusoptimized - RSS地址：http://192.168.50.6:1200/douban/list/ECFA5DI7Q/&dt_dapp=1 ，共 16 条数据
【INFO】2026-01-05 22:56:15,777 - doubanrankplusoptimized - 第 4/4 条订阅数据处理进度: 1/16
【INFO】2026-01-05 22:56:15,777 - doubanrankplusoptimized - 已处理过: Title: 都是她的错, Year:2025, DBID:36778966
【INFO】2026-01-05 22:56:15,777 - doubanrankplusoptimized - 第 4/4 条订阅数据处理进度: 2/16
【INFO】2026-01-05 22:56:15,777 - doubanrankplusoptimized - 已处理过: Title: 怪奇物语 第五季, Year:2025, DBID:35774681
【INFO】2026-01-05 22:56:15,777 - doubanrankplusoptimized - 第 4/4 条订阅数据处理进度: 3/16
【INFO】2026-01-05 22:56:15,778 - doubanrankplusoptimized - 已处理过: Title: 同乐者 第一季, Year:2025, DBID:36352371
【INFO】2026-01-05 22:56:15,778 - doubanrankplusoptimized - 第 4/4 条订阅数据处理进度: 4/16
【INFO】2026-01-05 22:56:15,778 - doubanrankplusoptimized - 已处理过: Title: 小丑回魂：欢迎来到德里镇 第一季, Year:2025, DBID:35819117
【INFO】2026-01-05 22:56:15,778 - doubanrankplusoptimized - 第 4/4 条订阅数据处理进度: 5/16
【INFO】2026-01-05 22:56:15,778 - doubanrankplusoptimized - 开始处理: Title: 军靴男孩, Year:2025, DBID:36393709, Type:None
【INFO】2026-01-05 22:56:15,779 - doubanrankplusoptimized - 随机休眠范围: 3,10, 此次休眠时间: 4.5 秒
【INFO】2026-01-05 22:56:20,279 - doubanrankplusoptimized - 开始通过豆瓣ID 36393709 获取 军靴男孩 的TMDB信息, 类型: MediaType.UNKNOWN
【INFO】2026-01-05 22:56:20,280 - doubanrankplusoptimized - 开始获取豆瓣信息：36393709 ...
【WARNING】2026-01-05 22:56:20,419 - log.py - 未识别到 军靴男孩 的TMDB信息, 豆瓣ID: 36393709 
【INFO】2026-01-05 22:56:20,420 - doubanrankplusoptimized - 第 4/4 条订阅数据处理进度: 6/16
【INFO】2026-01-05 22:56:20,420 - doubanrankplusoptimized - 开始处理: Title: 大楼里只有谋杀 第五季, Year:2025, DBID:37029668, Type:None
【INFO】2026-01-05 22:56:20,422 - doubanrankplusoptimized - 随机休眠范围: 3,10, 此次休眠时间: 7.3 秒
【INFO】2026-01-05 22:56:27,722 - doubanrankplusoptimized - 开始通过豆瓣ID 37029668 获取 大楼里只有谋杀 第五季 的TMDB信息, 类型: MediaType.TV
【INFO】2026-01-05 22:56:27,723 - doubanrankplusoptimized - 开始获取豆瓣信息：37029668 ...
【INFO】2026-01-05 22:56:28,200 - themoviedb - 开始使用 名称：Only Murders in the Building Season 5 年份：2025 匹配TMDB信息 ...
【INFO】2026-01-05 22:56:29,311 - themoviedb - 开始使用 名称：大楼里只有谋杀 第五季 年份：2025 匹配TMDB信息 ...
【INFO】2026-01-05 22:56:30,490 - themoviedb - 开始使用 名称：大楼里只有谋杀 年份：2025 匹配TMDB信息 ...
【INFO】2026-01-05 22:56:30,899 - doubanrankplusoptimized - 继续通过TMDBID 107113 识别 大楼里只有谋杀 第五季 的媒体信息, 类型: MediaType.TV
【INFO】2026-01-05 22:56:30,909 - doubanrankplusoptimized - 已识别到 大楼里只有谋杀 第五季 (2025) 的媒体信息: 大楼里只有谋杀 (2021), 类型: MediaType.TV
【INFO】2026-01-05 22:56:30,928 - emby - 大楼里只有谋杀 (2021) 在媒体库 emby 中找到了这些季集：{1: [1, 2, 3, 4, 5, 6, 7, 8, 9, 10], 2: [1, 2, 3, 4, 5, 6, 7, 8, 9, 10], 3: [1, 2, 3, 4, 5, 6, 7, 8, 9, 10], 4: [1, 2, 3, 4, 5, 6, 7, 8, 9, 10], 5: [1, 2, 3, 4, 5, 6, 7, 8, 9, 10]}
【INFO】2026-01-05 22:56:30,928 - doubanrankplusoptimized - 大楼里只有谋杀 (2021) 媒体库中已存在
【INFO】2026-01-05 22:56:30,929 - doubanrankplusoptimized - 第 4/4 条订阅数据处理进度: 7/16
【INFO】2026-01-05 22:56:30,929 - doubanrankplusoptimized - 开始处理: Title: 星期三 第二季, Year:2025, DBID:36208369, Type:None
【INFO】2026-01-05 22:56:30,929 - doubanrankplusoptimized - 随机休眠范围: 3,10, 此次休眠时间: 9.9 秒
【INFO】2026-01-05 22:56:40,830 - doubanrankplusoptimized - 开始通过豆瓣ID 36208369 获取 星期三 第二季 的TMDB信息, 类型: MediaType.TV
【INFO】2026-01-05 22:56:40,831 - doubanrankplusoptimized - 开始获取豆瓣信息：36208369 ...
【INFO】2026-01-05 22:56:41,100 - themoviedb - 开始使用 名称：Wednesday Season 2 年份：2025 匹配TMDB信息 ...
【INFO】2026-01-05 22:56:42,144 - themoviedb - 开始使用 名称：星期三 第二季 年份：2025 匹配TMDB信息 ...
【INFO】2026-01-05 22:56:43,199 - themoviedb - 开始使用 名称：星期三 年份：2025 匹配TMDB信息 ...
【INFO】2026-01-05 22:56:43,829 - doubanrankplusoptimized - 继续通过TMDBID 119051 识别 星期三 第二季 的媒体信息, 类型: MediaType.TV
【INFO】2026-01-05 22:56:43,840 - doubanrankplusoptimized - 已识别到 星期三 第二季 (2025) 的媒体信息: 星期三 (2022), 类型: MediaType.TV
【INFO】2026-01-05 22:56:43,852 - emby - 星期三 (2022) 在媒体库 emby 中找到了这些季集：{1: [1, 2, 3, 4, 5, 6, 7, 8], 2: [1, 2, 3, 4, 5, 6, 7, 8]}
【INFO】2026-01-05 22:56:43,852 - doubanrankplusoptimized - 星期三 (2022) 媒体库中已存在
【INFO】2026-01-05 22:56:43,852 - doubanrankplusoptimized - 第 4/4 条订阅数据处理进度: 8/16
【INFO】2026-01-05 22:56:43,853 - doubanrankplusoptimized - 开始处理: Title: V世代 第二季, Year:2025, DBID:36590911, Type:None
【INFO】2026-01-05 22:56:43,853 - doubanrankplusoptimized - 随机休眠范围: 3,10, 此次休眠时间: 7.9 秒
【INFO】2026-01-05 22:56:51,754 - doubanrankplusoptimized - 开始通过豆瓣ID 36590911 获取 V世代 第二季 的TMDB信息, 类型: MediaType.TV
【INFO】2026-01-05 22:56:51,754 - doubanrankplusoptimized - 开始获取豆瓣信息：36590911 ...
【INFO】2026-01-05 22:56:52,054 - themoviedb - 开始使用 名称：Gen V Season 2 年份：2025 匹配TMDB信息 ...
【INFO】2026-01-05 22:56:53,126 - themoviedb - 开始使用 名称：V世代 第二季 年份：2025 匹配TMDB信息 ...
【INFO】2026-01-05 22:56:54,228 - themoviedb - 开始使用 名称：V世代 年份：2025 匹配TMDB信息 ...
【INFO】2026-01-05 22:56:54,548 - doubanrankplusoptimized - 继续通过TMDBID 205715 识别 V世代 第二季 的媒体信息, 类型: MediaType.TV
【INFO】2026-01-05 22:56:54,555 - doubanrankplusoptimized - 已识别到 V世代 第二季 (2025) 的媒体信息: V世代 (2023), 类型: MediaType.TV
【INFO】2026-01-05 22:56:54,569 - emby - V世代 (2023) 在媒体库 emby 中找到了这些季集：{1: [1, 2, 3, 4, 5, 6, 7, 8], 2: [1, 2, 3, 4, 5, 6, 7, 8]}
【INFO】2026-01-05 22:56:54,570 - doubanrankplusoptimized - V世代 (2023) 媒体库中已存在
【INFO】2026-01-05 22:56:54,570 - doubanrankplusoptimized - 订阅服务停止
【INFO】2026-01-05 22:56:54,570 - doubanrankplusoptimized - 保存榜单 http://192.168.50.6:1200/douban/list/ECFA5DI7Q/&dt_dapp=1 处理后的历史记录
【INFO】2026-01-05 23:05:15,298 - doubanrankplusoptimized - 豆瓣榜单Plus服务启动，立即运行一次
【INFO】2026-01-05 23:05:18,299 - doubanrankplusoptimized - 开始刷新豆瓣榜单Plus ...
【INFO】2026-01-05 23:05:18,300 - doubanrankplusoptimized - 共 4 个榜单RSS地址需要刷新
【INFO】2026-01-05 23:05:18,327 - doubanrankplusoptimized - 已清理 14 条 豆瓣榜单Plus优化版 未识别的历史记录
【INFO】2026-01-05 23:05:18,327 - doubanrankplusoptimized - 获取RSS：http://192.168.50.6:1200/douban/list/tv_real_time_hotest ...
【INFO】2026-01-05 23:05:19,286 - doubanrankplusoptimized - RSS地址：http://192.168.50.6:1200/douban/list/tv_real_time_hotest ，共 10 条数据
【INFO】2026-01-05 23:05:19,287 - doubanrankplusoptimized - 第 1/4 条订阅数据处理进度: 1/10
【INFO】2026-01-05 23:05:19,287 - doubanrankplusoptimized - 已处理过: Title: 骄阳似我, Year:2025, DBID:None
【INFO】2026-01-05 23:05:19,287 - doubanrankplusoptimized - 第 1/4 条订阅数据处理进度: 2/10
【INFO】2026-01-05 23:05:19,288 - doubanrankplusoptimized - 已处理过: Title: 人之初, Year:2025, DBID:None
【INFO】2026-01-05 23:05:19,288 - doubanrankplusoptimized - 第 1/4 条订阅数据处理进度: 3/10
【INFO】2026-01-05 23:05:19,288 - doubanrankplusoptimized - 已处理过: Title: 剥茧, Year:2025, DBID:None
【INFO】2026-01-05 23:05:19,289 - doubanrankplusoptimized - 第 1/4 条订阅数据处理进度: 4/10
【INFO】2026-01-05 23:05:19,289 - doubanrankplusoptimized - 已处理过: Title: 怪奇物语 第五季, Year:2025, DBID:None
【INFO】2026-01-05 23:05:19,289 - doubanrankplusoptimized - 第 1/4 条订阅数据处理进度: 5/10
【INFO】2026-01-05 23:05:19,289 - doubanrankplusoptimized - 已处理过: Title: 罚罪2, Year:2025, DBID:None
【INFO】2026-01-05 23:05:19,290 - doubanrankplusoptimized - 第 1/4 条订阅数据处理进度: 6/10
【INFO】2026-01-05 23:05:19,290 - doubanrankplusoptimized - 已处理过: Title: 长安二十四计, Year:2025, DBID:None
【INFO】2026-01-05 23:05:19,290 - doubanrankplusoptimized - 第 1/4 条订阅数据处理进度: 7/10
【INFO】2026-01-05 23:05:19,290 - doubanrankplusoptimized - 已处理过: Title: 海市蜃楼, Year:2025, DBID:None
【INFO】2026-01-05 23:05:19,290 - doubanrankplusoptimized - 第 1/4 条订阅数据处理进度: 8/10
【INFO】2026-01-05 23:05:19,290 - doubanrankplusoptimized - 已处理过: Title: 玉茗茶骨, Year:2025, DBID:None
【INFO】2026-01-05 23:05:19,290 - doubanrankplusoptimized - 第 1/4 条订阅数据处理进度: 9/10
【INFO】2026-01-05 23:05:19,291 - doubanrankplusoptimized - 已处理过: Title: 反人类暴行, Year:2025, DBID:None
【INFO】2026-01-05 23:05:19,291 - doubanrankplusoptimized - 第 1/4 条订阅数据处理进度: 10/10
【INFO】2026-01-05 23:05:19,291 - doubanrankplusoptimized - 已处理过: Title: 巅峰对决 第一季, Year:2025, DBID:None
【INFO】2026-01-05 23:05:19,291 - doubanrankplusoptimized - 保存榜单 http://192.168.50.6:1200/douban/list/tv_real_time_hotest 处理后的历史记录
【INFO】2026-01-05 23:05:19,293 - doubanrankplusoptimized - 获取RSS：http://192.168.50.6:1200/douban/list/tv_global_best_weekly ...
【INFO】2026-01-05 23:05:20,344 - doubanrankplusoptimized - RSS地址：http://192.168.50.6:1200/douban/list/tv_global_best_weekly ，共 10 条数据
【INFO】2026-01-05 23:05:20,345 - doubanrankplusoptimized - 第 2/4 条订阅数据处理进度: 1/10
【INFO】2026-01-05 23:05:20,345 - doubanrankplusoptimized - 已处理过: Title: 巅峰对决 第一季, Year:2025, DBID:37202886
【INFO】2026-01-05 23:05:20,345 - doubanrankplusoptimized - 第 2/4 条订阅数据处理进度: 2/10
【INFO】2026-01-05 23:05:20,346 - doubanrankplusoptimized - 已处理过: Title: 怪奇物语 第五季, Year:2025, DBID:35774681
【INFO】2026-01-05 23:05:20,346 - doubanrankplusoptimized - 第 2/4 条订阅数据处理进度: 3/10
【INFO】2026-01-05 23:05:20,346 - doubanrankplusoptimized - 开始处理: Title: 泰勒·斯威夫特：时代巡回演唱会，一个时代的结束, Year:2025, DBID:37661892, Type:None
【INFO】2026-01-05 23:05:20,347 - doubanrankplusoptimized - 开始识别 泰勒·斯威夫特：时代巡回演唱会，一个时代的结束 的媒体信息, 类型: MediaType.UNKNOWN
【INFO】2026-01-05 23:05:21,553 - doubanrankplusoptimized - 已识别到 泰勒·斯威夫特：时代巡回演唱会，一个时代的结束 (2025) 的媒体信息: 泰勒·斯威夫特：时代巡回演唱会，一个时代的结束 (2025), 类型: MediaType.TV
【INFO】2026-01-05 23:05:21,625 - emby - 泰勒·斯威夫特：时代巡回演唱会，一个时代的结束 (2025) 没有在媒体库 emby 中
【INFO】2026-01-05 23:05:21,644 - subscribe.py - 开始添加订阅，标题：泰勒·斯威夫特：时代巡回演唱会，一个时代的结束 ...
【WARNING】2026-01-05 23:05:22,346 - log.py - 没有获取到 泰勒·斯威夫特：时代巡回演唱会，一个时代的结束 (2025) 的fanart图片数据
【INFO】2026-01-05 23:05:22,626 - message.py - 将使用模板渲染消息内容
【INFO】2026-01-05 23:05:22,642 - chain - NotificationType.Subscribe 的消息已设置发送给管理员
【INFO】2026-01-05 23:05:22,645 - message.py - 发送消息：{'message': Notification(channel=None, source=None, mtype=<NotificationType.Subscribe: '订阅'>, ctype=<ContentType.SubscribeAdded: 'subscribeAdded'>, title='泰勒·斯威夫特：时代巡回演唱会，一个时代的结束 (2025) S01 已添加订阅', text=None, image='https://image.tmdb.org/t/p/w500/nrcsXRU6u056rtl520M0iiBta6o.jpg', link='https://moviepilot.whjqhr.com:10938/#/subscribe/tv?tab=mysub', userid=None, username='豆瓣榜单Plus优化版', date=None, action=1, targets={'wechat_userid': 'LiuYuZe', 'telegram_userid': '1318604744', 'douban_userid': '246115913', 'nickname': '刘雨泽'}, buttons=None, original_message_id=None, original_chat_id=None), 'username': '豆瓣榜单Plus优化版', 'current_time': '2026-01-05 23:05:22'}
【INFO】2026-01-05 23:05:40,597 - doubanrankplusoptimized - 已添加订阅: 泰勒·斯威夫特：时代巡回演唱会，一个时代的结束 (2025) 第 1 季
【INFO】2026-01-05 23:05:40,598 - doubanrankplusoptimized - 第 2/4 条订阅数据处理进度: 4/10
【INFO】2026-01-05 23:05:40,598 - doubanrankplusoptimized - 已处理过: Title: 潮躁女人 第一季, Year:2025, DBID:36809698
【INFO】2026-01-05 23:05:40,600 - doubanrankplusoptimized - 第 2/4 条订阅数据处理进度: 5/10
【INFO】2026-01-05 23:05:40,601 - doubanrankplusoptimized - 开始处理: Title: 都是她的错, Year:2025, DBID:36778966, Type:None
【INFO】2026-01-05 23:05:40,603 - doubanrankplusoptimized - 开始识别 都是她的错 的媒体信息, 类型: MediaType.UNKNOWN
【INFO】2026-01-05 23:05:41,610 - doubanrankplusoptimized - 已识别到 都是她的错 (2025) 的媒体信息: 都是她的错 (2025), 类型: MediaType.TV
【INFO】2026-01-05 23:05:41,622 - emby - 都是她的错 (2025) 在媒体库 emby 中找到了这些季集：{1: [1, 2, 3, 4, 5, 6, 7, 8]}
【INFO】2026-01-05 23:05:41,622 - doubanrankplusoptimized - 都是她的错 (2025) 媒体库中已存在
【INFO】2026-01-05 23:05:41,622 - doubanrankplusoptimized - 第 2/4 条订阅数据处理进度: 6/10
【INFO】2026-01-05 23:05:41,623 - doubanrankplusoptimized - 开始处理: Title: 狱乱情迷, Year:2025, DBID:37202826, Type:None
【INFO】2026-01-05 23:05:41,623 - doubanrankplusoptimized - 开始识别 狱乱情迷 的媒体信息, 类型: MediaType.UNKNOWN
【INFO】2026-01-05 23:05:42,811 - doubanrankplusoptimized - 已识别到 狱乱情迷 (2025) 的媒体信息: 克莱尔和贝尔 (2025), 类型: MediaType.TV
【INFO】2026-01-05 23:05:42,842 - emby - 克莱尔和贝尔 (2025) 没有在媒体库 emby 中
【INFO】2026-01-05 23:05:42,856 - subscribe.py - 开始添加订阅，标题：克莱尔和贝尔 ...
【WARNING】2026-01-05 23:05:43,581 - log.py - 没有获取到 克莱尔和贝尔 (2025) 的fanart图片数据
【INFO】2026-01-05 23:05:43,789 - message.py - 将使用模板渲染消息内容
【INFO】2026-01-05 23:05:43,804 - chain - NotificationType.Subscribe 的消息已设置发送给管理员
【INFO】2026-01-05 23:05:43,807 - message.py - 发送消息：{'message': Notification(channel=None, source=None, mtype=<NotificationType.Subscribe: '订阅'>, ctype=<ContentType.SubscribeAdded: 'subscribeAdded'>, title='克莱尔和贝尔 (2025) S01 已添加订阅', text=None, image='https://image.tmdb.org/t/p/w500/eJKWvkgJE6Rdtr9qibK2Dmw9PPQ.jpg', link='https://moviepilot.whjqhr.com:10938/#/subscribe/tv?tab=mysub', userid=None, username='豆瓣榜单Plus优化版', date=None, action=1, targets={'wechat_userid': 'LiuYuZe', 'telegram_userid': '1318604744', 'douban_userid': '246115913', 'nickname': '刘雨泽'}, buttons=None, original_message_id=None, original_chat_id=None), 'username': '豆瓣榜单Plus优化版', 'current_time': '2026-01-05 23:05:43'}
【INFO】2026-01-05 23:05:45,445 - doubanrankplusoptimized - 已添加订阅: 克莱尔和贝尔 (2025) 第 1 季
【INFO】2026-01-05 23:05:45,448 - doubanrankplusoptimized - 第 2/4 条订阅数据处理进度: 7/10
【INFO】2026-01-05 23:05:45,450 - doubanrankplusoptimized - 已处理过: Title: 同乐者 第一季, Year:2025, DBID:36352371
【INFO】2026-01-05 23:05:45,451 - doubanrankplusoptimized - 第 2/4 条订阅数据处理进度: 8/10
【INFO】2026-01-05 23:05:45,451 - doubanrankplusoptimized - 已处理过: Title: 辐射 第二季, Year:2025, DBID:36846801
【INFO】2026-01-05 23:05:45,453 - doubanrankplusoptimized - 第 2/4 条订阅数据处理进度: 9/10
【INFO】2026-01-05 23:05:45,454 - doubanrankplusoptimized - 已处理过: Title: 小丑回魂：欢迎来到德里镇 第一季, Year:2025, DBID:35819117
【INFO】2026-01-05 23:05:45,455 - doubanrankplusoptimized - 第 2/4 条订阅数据处理进度: 10/10
【INFO】2026-01-05 23:05:45,456 - doubanrankplusoptimized - 开始处理: Title: 模范出租车3, Year:2025, DBID:36363117, Type:None
【INFO】2026-01-05 23:05:45,458 - doubanrankplusoptimized - 开始识别 模范出租车3 的媒体信息, 类型: MediaType.UNKNOWN
【WARNING】2026-01-05 23:05:46,684 - log.py - 未识别到 模范出租车3 的媒体信息, 豆瓣ID: 36363117
【INFO】2026-01-05 23:05:46,685 - doubanrankplusoptimized - 保存榜单 http://192.168.50.6:1200/douban/list/tv_global_best_weekly 处理后的历史记录
【INFO】2026-01-05 23:05:46,706 - doubanrankplusoptimized - 获取RSS：http://192.168.50.6:1200/douban/list/tv_chinese_best_weekly ...
【INFO】2026-01-05 23:05:47,447 - doubanrankplusoptimized - RSS地址：http://192.168.50.6:1200/douban/list/tv_chinese_best_weekly ，共 10 条数据
【INFO】2026-01-05 23:05:47,448 - doubanrankplusoptimized - 第 3/4 条订阅数据处理进度: 1/10
【INFO】2026-01-05 23:05:47,448 - doubanrankplusoptimized - 开始处理: Title: 反人类暴行, Year:2025, DBID:37033221, Type:None
【INFO】2026-01-05 23:05:47,449 - doubanrankplusoptimized - 开始识别 反人类暴行 的媒体信息, 类型: MediaType.UNKNOWN
【INFO】2026-01-05 23:05:47,462 - doubanrankplusoptimized - 已识别到 反人类暴行 (2025) 的媒体信息: 反人类暴行 (2025), 类型: MediaType.TV
【INFO】2026-01-05 23:05:47,475 - emby - 反人类暴行 (2025) 在媒体库 emby 中找到了这些季集：{1: [1, 2, 3, 4, 5, 6, 7, 8, 9, 10, 11, 12, 13, 14, 15, 16, 17, 18, 19, 20]}
【INFO】2026-01-05 23:05:47,477 - doubanrankplusoptimized - 反人类暴行 (2025) 订阅已存在
【INFO】2026-01-05 23:05:47,477 - doubanrankplusoptimized - 第 3/4 条订阅数据处理进度: 2/10
【INFO】2026-01-05 23:05:47,477 - doubanrankplusoptimized - 开始处理: Title: 海市蜃楼, Year:2025, DBID:36382628, Type:None
【INFO】2026-01-05 23:05:47,477 - doubanrankplusoptimized - 开始识别 海市蜃楼 的媒体信息, 类型: MediaType.UNKNOWN
【INFO】2026-01-05 23:05:47,481 - doubanrankplusoptimized - 已识别到 海市蜃楼 (2025) 的媒体信息: 海市蜃楼 (2025), 类型: MediaType.TV
【INFO】2026-01-05 23:05:47,491 - emby - 海市蜃楼 (2025) 在媒体库 emby 中找到了这些季集：{1: [1, 2, 3, 4, 5, 6, 7, 8, 9, 10, 11, 12, 13, 14, 15, 16, 17, 18, 19, 20, 21, 22, 23, 24]}
【INFO】2026-01-05 23:05:47,491 - doubanrankplusoptimized - 海市蜃楼 (2025) 媒体库中已存在
【INFO】2026-01-05 23:05:47,492 - doubanrankplusoptimized - 第 3/4 条订阅数据处理进度: 3/10
【INFO】2026-01-05 23:05:47,492 - doubanrankplusoptimized - 开始处理: Title: 唐诡奇谭, Year:2025, DBID:36700715, Type:None
【INFO】2026-01-05 23:05:47,492 - doubanrankplusoptimized - 开始识别 唐诡奇谭 的媒体信息, 类型: MediaType.UNKNOWN
【INFO】2026-01-05 23:05:48,590 - doubanrankplusoptimized - 已识别到 唐诡奇谭 (2025) 的媒体信息: 唐诡奇谭 (2025), 类型: MediaType.TV
【INFO】2026-01-05 23:05:48,615 - emby - 唐诡奇谭 (2025) 没有在媒体库 emby 中
【INFO】2026-01-05 23:05:48,627 - subscribe.py - 开始添加订阅，标题：唐诡奇谭 ...
【WARNING】2026-01-05 23:05:49,340 - log.py - 没有获取到 唐诡奇谭 (2025) 的fanart图片数据
【INFO】2026-01-05 23:05:49,525 - message.py - 将使用模板渲染消息内容
【INFO】2026-01-05 23:05:49,540 - chain - NotificationType.Subscribe 的消息已设置发送给管理员
【INFO】2026-01-05 23:05:49,543 - message.py - 发送消息：{'message': Notification(channel=None, source=None, mtype=<NotificationType.Subscribe: '订阅'>, ctype=<ContentType.SubscribeAdded: 'subscribeAdded'>, title='唐诡奇谭 (2025) S01 已添加订阅', text=None, image='https://image.tmdb.org/t/p/w500/2YGizLQTsT7eIJ1gU7pJS1pgmqJ.jpg', link='https://moviepilot.whjqhr.com:10938/#/subscribe/tv?tab=mysub', userid=None, username='豆瓣榜单Plus优化版', date=None, action=1, targets={'wechat_userid': 'LiuYuZe', 'telegram_userid': '1318604744', 'douban_userid': '246115913', 'nickname': '刘雨泽'}, buttons=None, original_message_id=None, original_chat_id=None), 'username': '豆瓣榜单Plus优化版', 'current_time': '2026-01-05 23:05:49'}
【INFO】2026-01-05 23:05:50,580 - doubanrankplusoptimized - 已添加订阅: 唐诡奇谭 (2025) 第 1 季
【INFO】2026-01-05 23:05:50,582 - doubanrankplusoptimized - 第 3/4 条订阅数据处理进度: 4/10
【INFO】2026-01-05 23:05:50,583 - doubanrankplusoptimized - 开始处理: Title: 新闻女王2, Year:2025, DBID:36680552, Type:None
【INFO】2026-01-05 23:05:50,585 - doubanrankplusoptimized - 开始识别 新闻女王2 的媒体信息, 类型: MediaType.UNKNOWN
【INFO】2026-01-05 23:05:52,212 - doubanrankplusoptimized - 已识别到 新闻女王2 (2025) 的媒体信息: 新闻女王 (2023), 类型: MediaType.TV
【INFO】2026-01-05 23:05:52,231 - emby - 新闻女王 (2023) 在媒体库 emby 中找到了这些季集：{1: [1, 2, 3, 4, 5, 6, 7, 8, 9, 10, 11, 12, 13, 14, 15, 16, 17, 18, 19, 20, 21, 22, 23, 24, 25, 26], 2: [1, 2, 3, 4, 5, 6, 7, 8, 9, 10, 11, 12, 13, 14, 15, 16, 17, 18, 19, 20, 21, 22, 23, 24, 25]}
【INFO】2026-01-05 23:05:52,231 - doubanrankplusoptimized - 新闻女王 (2023) 媒体库中已存在
【INFO】2026-01-05 23:05:52,232 - doubanrankplusoptimized - 第 3/4 条订阅数据处理进度: 5/10
【INFO】2026-01-05 23:05:52,232 - doubanrankplusoptimized - 开始处理: Title: 大生意人, Year:2025, DBID:35496393, Type:None
【INFO】2026-01-05 23:05:52,232 - doubanrankplusoptimized - 开始识别 大生意人 的媒体信息, 类型: MediaType.UNKNOWN
【INFO】2026-01-05 23:05:53,085 - doubanrankplusoptimized - 已识别到 大生意人 (2025) 的媒体信息: 大生意人 (2025), 类型: MediaType.TV
【INFO】2026-01-05 23:05:53,111 - emby - 大生意人 (2025) 在媒体库 emby 中找到了这些季集：{1: [1, 2, 3, 4, 5, 6, 7, 8, 9, 10, 11, 12, 13, 14, 15, 16, 17, 18, 19, 20, 21, 22, 23, 24, 25, 26, 27, 28, 29, 30, 31, 32, 33, 34, 35, 36, 37, 38, 39, 40]}
【INFO】2026-01-05 23:05:53,111 - doubanrankplusoptimized - 大生意人 (2025) 媒体库中已存在
【INFO】2026-01-05 23:05:53,112 - doubanrankplusoptimized - 第 3/4 条订阅数据处理进度: 6/10
【INFO】2026-01-05 23:05:53,112 - doubanrankplusoptimized - 开始处理: Title: 监所男子囚生记, Year:2025, DBID:37116308, Type:None
【INFO】2026-01-05 23:05:53,112 - doubanrankplusoptimized - 开始识别 监所男子囚生记 的媒体信息, 类型: MediaType.UNKNOWN
【INFO】2026-01-05 23:05:54,076 - doubanrankplusoptimized - 已识别到 监所男子囚生记 (2025) 的媒体信息: 监所男子囚生记 (2025), 类型: MediaType.TV
【INFO】2026-01-05 23:05:54,101 - emby - 监所男子囚生记 (2025) 在媒体库 emby 中找到了这些季集：{1: [1, 2, 3, 4, 5, 6, 7, 8, 9, 10, 11, 12]}
【INFO】2026-01-05 23:05:54,101 - doubanrankplusoptimized - 监所男子囚生记 (2025) 媒体库中已存在
【INFO】2026-01-05 23:05:54,101 - doubanrankplusoptimized - 第 3/4 条订阅数据处理进度: 7/10
【INFO】2026-01-05 23:05:54,101 - doubanrankplusoptimized - 开始处理: Title: 老舅, Year:2025, DBID:36638134, Type:None
【INFO】2026-01-05 23:05:54,102 - doubanrankplusoptimized - 开始识别 老舅 的媒体信息, 类型: MediaType.UNKNOWN
【INFO】2026-01-05 23:05:54,828 - doubanrankplusoptimized - 已识别到 老舅 (2025) 的媒体信息: 老舅 (2025), 类型: MediaType.TV
【INFO】2026-01-05 23:05:54,851 - emby - 老舅 (2025) 在媒体库 emby 中找到了这些季集：{1: [1, 2, 3, 4, 5, 6, 7, 8, 9, 10, 11, 12, 13, 14, 15, 16, 17, 18, 19, 20, 21, 22, 23, 24, 25, 26, 27]}
【INFO】2026-01-05 23:05:54,851 - doubanrankplusoptimized - 老舅 (2025) 媒体库中已存在
【INFO】2026-01-05 23:05:54,851 - doubanrankplusoptimized - 第 3/4 条订阅数据处理进度: 8/10
【INFO】2026-01-05 23:05:54,852 - doubanrankplusoptimized - 开始处理: Title: 冒姓琅琊, Year:2025, DBID:37821831, Type:None
【INFO】2026-01-05 23:05:54,852 - doubanrankplusoptimized - 开始识别 冒姓琅琊 的媒体信息, 类型: MediaType.UNKNOWN
【INFO】2026-01-05 23:05:55,997 - doubanrankplusoptimized - 已识别到 冒姓琅琊 (2025) 的媒体信息: 冒姓琅琊 (2025), 类型: MediaType.TV
【INFO】2026-01-05 23:05:56,019 - emby - 冒姓琅琊 (2025) 没有在媒体库 emby 中
【INFO】2026-01-05 23:05:56,028 - subscribe.py - 开始添加订阅，标题：冒姓琅琊 ...
【INFO】2026-01-05 23:05:56,199 - fanart - 冒姓琅琊 (2025) 没有tvdbid，无法获取fanart图片
【INFO】2026-01-05 23:05:56,477 - message.py - 将使用模板渲染消息内容
【INFO】2026-01-05 23:05:56,493 - chain - NotificationType.Subscribe 的消息已设置发送给管理员
【INFO】2026-01-05 23:05:56,496 - message.py - 发送消息：{'message': Notification(channel=None, source=None, mtype=<NotificationType.Subscribe: '订阅'>, ctype=<ContentType.SubscribeAdded: 'subscribeAdded'>, title='冒姓琅琊 (2025) S01 已添加订阅', text=None, image='https://image.tmdb.org/t/p/w500/8Lc3pmh9LgXJgkJGr7uUvACVgjk.jpg', link='https://moviepilot.whjqhr.com:10938/#/subscribe/tv?tab=mysub', userid=None, username='豆瓣榜单Plus优化版', date=None, action=1, targets={'wechat_userid': 'LiuYuZe', 'telegram_userid': '1318604744', 'douban_userid': '246115913', 'nickname': '刘雨泽'}, buttons=None, original_message_id=None, original_chat_id=None), 'username': '豆瓣榜单Plus优化版', 'current_time': '2026-01-05 23:05:56'}
【INFO】2026-01-05 23:05:57,671 - doubanrankplusoptimized - 已添加订阅: 冒姓琅琊 (2025) 第 1 季
【INFO】2026-01-05 23:05:57,673 - doubanrankplusoptimized - 第 3/4 条订阅数据处理进度: 9/10
【INFO】2026-01-05 23:05:57,674 - doubanrankplusoptimized - 开始处理: Title: 狙击蝴蝶, Year:2025, DBID:36513485, Type:None
【INFO】2026-01-05 23:05:57,676 - doubanrankplusoptimized - 开始识别 狙击蝴蝶 的媒体信息, 类型: MediaType.UNKNOWN
【INFO】2026-01-05 23:05:58,568 - doubanrankplusoptimized - 已识别到 狙击蝴蝶 (2025) 的媒体信息: 狙击蝴蝶 (2025), 类型: MediaType.TV
【INFO】2026-01-05 23:05:58,596 - emby - 狙击蝴蝶 (2025) 在媒体库 emby 中找到了这些季集：{1: [1, 2, 3, 4, 5, 6, 7, 8, 9, 10, 11, 12, 13, 14, 15, 16, 17, 18, 19, 20, 21, 22, 23, 24, 25, 26, 27, 28, 29, 30]}
【INFO】2026-01-05 23:05:58,597 - doubanrankplusoptimized - 狙击蝴蝶 (2025) 媒体库中已存在
【INFO】2026-01-05 23:05:58,597 - doubanrankplusoptimized - 第 3/4 条订阅数据处理进度: 10/10
【INFO】2026-01-05 23:05:58,597 - doubanrankplusoptimized - 已处理过: Title: 如果我不曾见过太阳 第二季, Year:2025, DBID:36700740
【INFO】2026-01-05 23:05:58,598 - doubanrankplusoptimized - 保存榜单 http://192.168.50.6:1200/douban/list/tv_chinese_best_weekly 处理后的历史记录
【INFO】2026-01-05 23:05:58,617 - doubanrankplusoptimized - 获取RSS：http://192.168.50.6:1200/douban/list/ECFA5DI7Q/&dt_dapp=1 ...
【INFO】2026-01-05 23:05:59,653 - doubanrankplusoptimized - RSS地址：http://192.168.50.6:1200/douban/list/ECFA5DI7Q/&dt_dapp=1 ，共 16 条数据
【INFO】2026-01-05 23:05:59,653 - doubanrankplusoptimized - 第 4/4 条订阅数据处理进度: 1/16
【INFO】2026-01-05 23:05:59,654 - doubanrankplusoptimized - 已处理过: Title: 都是她的错, Year:2025, DBID:36778966
【INFO】2026-01-05 23:05:59,654 - doubanrankplusoptimized - 第 4/4 条订阅数据处理进度: 2/16
【INFO】2026-01-05 23:05:59,654 - doubanrankplusoptimized - 已处理过: Title: 怪奇物语 第五季, Year:2025, DBID:35774681
【INFO】2026-01-05 23:05:59,655 - doubanrankplusoptimized - 第 4/4 条订阅数据处理进度: 3/16
【INFO】2026-01-05 23:05:59,655 - doubanrankplusoptimized - 已处理过: Title: 同乐者 第一季, Year:2025, DBID:36352371
【INFO】2026-01-05 23:05:59,655 - doubanrankplusoptimized - 第 4/4 条订阅数据处理进度: 4/16
【INFO】2026-01-05 23:05:59,655 - doubanrankplusoptimized - 已处理过: Title: 小丑回魂：欢迎来到德里镇 第一季, Year:2025, DBID:35819117
【INFO】2026-01-05 23:05:59,655 - doubanrankplusoptimized - 第 4/4 条订阅数据处理进度: 5/16
【INFO】2026-01-05 23:05:59,656 - doubanrankplusoptimized - 开始处理: Title: 军靴男孩, Year:2025, DBID:36393709, Type:None
【INFO】2026-01-05 23:05:59,657 - doubanrankplusoptimized - 开始识别 军靴男孩 的媒体信息, 类型: MediaType.UNKNOWN
【INFO】2026-01-05 23:06:00,884 - doubanrankplusoptimized - 已识别到 军靴男孩 (2025) 的媒体信息: 军靴男孩 (2025), 类型: MediaType.TV
【INFO】2026-01-05 23:06:00,905 - emby - 军靴男孩 (2025) 在媒体库 emby 中找到了这些季集：{1: [1, 2, 3, 4, 5, 6, 7, 8]}
【INFO】2026-01-05 23:06:00,905 - doubanrankplusoptimized - 军靴男孩 (2025) 媒体库中已存在
【INFO】2026-01-05 23:06:00,905 - doubanrankplusoptimized - 第 4/4 条订阅数据处理进度: 6/16
【INFO】2026-01-05 23:06:00,905 - doubanrankplusoptimized - 已处理过: Title: 大楼里只有谋杀 第五季, Year:2025, DBID:37029668
【INFO】2026-01-05 23:06:00,906 - doubanrankplusoptimized - 第 4/4 条订阅数据处理进度: 7/16
【INFO】2026-01-05 23:06:00,906 - doubanrankplusoptimized - 已处理过: Title: 星期三 第二季, Year:2025, DBID:36208369
【INFO】2026-01-05 23:06:00,906 - doubanrankplusoptimized - 第 4/4 条订阅数据处理进度: 8/16
【INFO】2026-01-05 23:06:00,906 - doubanrankplusoptimized - 已处理过: Title: V世代 第二季, Year:2025, DBID:36590911
【INFO】2026-01-05 23:06:00,906 - doubanrankplusoptimized - 第 4/4 条订阅数据处理进度: 9/16
【INFO】2026-01-05 23:06:00,906 - doubanrankplusoptimized - 开始处理: Title: 怪物：艾德·盖恩的故事, Year:2025, DBID:36148972, Type:None
【INFO】2026-01-05 23:06:00,906 - doubanrankplusoptimized - 开始识别 怪物：艾德·盖恩的故事 的媒体信息, 类型: MediaType.UNKNOWN
【INFO】2026-01-05 23:06:02,014 - doubanrankplusoptimized - 已识别到 怪物：艾德·盖恩的故事 (2025) 的媒体信息: 怪物：艾德·盖恩的故事 (2025), 类型: MediaType.TV
【INFO】2026-01-05 23:06:02,033 - emby - 怪物：艾德·盖恩的故事 (2025) 在媒体库 emby 中找到了这些季集：{1: [1, 2, 3, 4, 5, 6, 7, 8]}
【INFO】2026-01-05 23:06:02,033 - doubanrankplusoptimized - 怪物：艾德·盖恩的故事 (2025) 媒体库中已存在
【INFO】2026-01-05 23:06:02,033 - doubanrankplusoptimized - 第 4/4 条订阅数据处理进度: 10/16
【INFO】2026-01-05 23:06:02,033 - doubanrankplusoptimized - 开始处理: Title: 和平使者 第二季, Year:2025, DBID:35773267, Type:None
【INFO】2026-01-05 23:06:02,034 - doubanrankplusoptimized - 开始识别 和平使者 第二季 的媒体信息, 类型: MediaType.TV
【INFO】2026-01-05 23:06:02,369 - doubanrankplusoptimized - 已识别到 和平使者 第二季 (2025) 的媒体信息: 和平使者 (2022), 类型: MediaType.TV
【INFO】2026-01-05 23:06:02,387 - emby - 和平使者 (2022) 在媒体库 emby 中找到了这些季集：{1: [1, 2, 3, 4, 5, 6, 7, 8], 2: [1, 2, 3, 4, 5, 6, 7, 8]}
【INFO】2026-01-05 23:06:02,387 - doubanrankplusoptimized - 和平使者 (2022) 媒体库中已存在
【INFO】2026-01-05 23:06:02,388 - doubanrankplusoptimized - 第 4/4 条订阅数据处理进度: 11/16
【INFO】2026-01-05 23:06:02,388 - doubanrankplusoptimized - 开始处理: Title: 嗜血法医：杀魔复生 第一季, Year:2025, DBID:36243809, Type:None
【INFO】2026-01-05 23:06:02,388 - doubanrankplusoptimized - 开始识别 嗜血法医：杀魔复生 第一季 的媒体信息, 类型: MediaType.TV
【INFO】2026-01-05 23:06:02,711 - doubanrankplusoptimized - 已识别到 嗜血法医：杀魔复生 第一季 (2025) 的媒体信息: 嗜血法医：杀魔复生 (2025), 类型: MediaType.TV
【INFO】2026-01-05 23:06:02,733 - emby - 嗜血法医：杀魔复生 (2025) 在媒体库 emby 中找到了这些季集：{1: [1, 2, 3, 4, 5, 6, 7, 8, 9, 10]}
【INFO】2026-01-05 23:06:02,733 - doubanrankplusoptimized - 嗜血法医：杀魔复生 (2025) 媒体库中已存在
【INFO】2026-01-05 23:06:02,734 - doubanrankplusoptimized - 第 4/4 条订阅数据处理进度: 12/16
【INFO】2026-01-05 23:06:02,734 - doubanrankplusoptimized - 开始处理: Title: 终极名单：黑狼, Year:2025, DBID:36235916, Type:None
【INFO】2026-01-05 23:06:02,734 - doubanrankplusoptimized - 开始识别 终极名单：黑狼 的媒体信息, 类型: MediaType.UNKNOWN
【INFO】2026-01-05 23:06:03,848 - doubanrankplusoptimized - 已识别到 终极名单：黑狼 (2025) 的媒体信息: 终极名单：黑狼 (2025), 类型: MediaType.TV
【INFO】2026-01-05 23:06:03,869 - emby - 终极名单：黑狼 (2025) 在媒体库 emby 中找到了这些季集：{1: [1, 2, 3, 4, 5, 6, 7]}
【INFO】2026-01-05 23:06:03,869 - doubanrankplusoptimized - 终极名单：黑狼 (2025) 媒体库中已存在
【INFO】2026-01-05 23:06:03,870 - doubanrankplusoptimized - 第 4/4 条订阅数据处理进度: 13/16
【INFO】2026-01-05 23:06:03,870 - doubanrankplusoptimized - 开始处理: Title: 我变美的那夏天 第三季, Year:2025, DBID:36352476, Type:None
【INFO】2026-01-05 23:06:03,870 - doubanrankplusoptimized - 开始识别 我变美的那夏天 第三季 的媒体信息, 类型: MediaType.TV
【INFO】2026-01-05 23:06:04,291 - doubanrankplusoptimized - 已识别到 我变美的那夏天 第三季 (2025) 的媒体信息: 我变漂亮的那个夏天 (2022), 类型: MediaType.TV
【INFO】2026-01-05 23:06:04,307 - emby - 我变漂亮的那个夏天 (2022) 在媒体库 emby 中找到了这些季集：{1: [1, 2, 3, 4, 5, 6, 7], 2: [1, 2, 3, 4, 5, 6, 7, 8], 3: [1, 2, 3, 4, 5, 6, 7, 8, 9, 10, 11]}
【INFO】2026-01-05 23:06:04,307 - doubanrankplusoptimized - 我变漂亮的那个夏天 (2022) 媒体库中已存在
【INFO】2026-01-05 23:06:04,308 - doubanrankplusoptimized - 第 4/4 条订阅数据处理进度: 14/16
【INFO】2026-01-05 23:06:04,308 - doubanrankplusoptimized - 开始处理: Title: 镀金时代 第三季, Year:2025, DBID:36697817, Type:None
【INFO】2026-01-05 23:06:04,309 - doubanrankplusoptimized - 开始识别 镀金时代 第三季 的媒体信息, 类型: MediaType.TV
【INFO】2026-01-05 23:06:04,726 - doubanrankplusoptimized - 已识别到 镀金时代 第三季 (2025) 的媒体信息: 镀金时代 (2022), 类型: MediaType.TV
【INFO】2026-01-05 23:06:04,750 - emby - 镀金时代 (2022) 在媒体库 emby 中找到了这些季集：{1: [1, 2, 3, 4, 5, 6, 7, 8, 9], 2: [1, 2, 3, 4, 5, 6, 7, 8], 3: [1, 2, 3, 4, 5, 6, 7, 8]}
【INFO】2026-01-05 23:06:04,750 - doubanrankplusoptimized - 镀金时代 (2022) 媒体库中已存在
【INFO】2026-01-05 23:06:04,750 - doubanrankplusoptimized - 第 4/4 条订阅数据处理进度: 15/16
【INFO】2026-01-05 23:06:04,750 - doubanrankplusoptimized - 开始处理: Title: 荒境狂途 第一季, Year:2025, DBID:36811158, Type:None
【INFO】2026-01-05 23:06:04,751 - doubanrankplusoptimized - 开始识别 荒境狂途 第一季 的媒体信息, 类型: MediaType.TV
【INFO】2026-01-05 23:06:05,219 - doubanrankplusoptimized - 已识别到 荒境狂途 第一季 (2025) 的媒体信息: 荒境狂途 (2025), 类型: MediaType.TV
【INFO】2026-01-05 23:06:05,236 - emby - 荒境狂途 (2025) 在媒体库 emby 中找到了这些季集：{1: [1, 2, 3, 4, 5, 6]}
【INFO】2026-01-05 23:06:05,236 - doubanrankplusoptimized - 荒境狂途 (2025) 媒体库中已存在
【INFO】2026-01-05 23:06:05,236 - doubanrankplusoptimized - 第 4/4 条订阅数据处理进度: 16/16
【INFO】2026-01-05 23:06:05,236 - doubanrankplusoptimized - 开始处理: Title: 熊家餐馆 第四季, Year:2025, DBID:36812851, Type:None
【INFO】2026-01-05 23:06:05,237 - doubanrankplusoptimized - 开始识别 熊家餐馆 第四季 的媒体信息, 类型: MediaType.TV
【INFO】2026-01-05 23:06:05,659 - doubanrankplusoptimized - 已识别到 熊家餐馆 第四季 (2025) 的媒体信息: 熊家餐馆 (2022), 类型: MediaType.TV
【INFO】2026-01-05 23:06:05,684 - emby - 熊家餐馆 (2022) 在媒体库 emby 中找到了这些季集：{1: [1, 2, 3, 4, 5, 6, 7, 8], 2: [1, 2, 3, 4, 5, 6, 7, 8, 9, 10], 3: [1, 2, 3, 4, 5, 6, 7, 8, 9, 10], 4: [1, 2, 3, 4, 5, 6, 7, 8, 9, 10]}
【INFO】2026-01-05 23:06:05,684 - doubanrankplusoptimized - 熊家餐馆 (2022) 媒体库中已存在
【INFO】2026-01-05 23:06:05,684 - doubanrankplusoptimized - 保存榜单 http://192.168.50.6:1200/douban/list/ECFA5DI7Q/&dt_dapp=1 处理后的历史记录
【INFO】2026-01-05 23:06:05,705 - doubanrankplusoptimized - 所有榜单RSS刷新完成
