
> subscribetter-native-ui@0.1.0 test
> node --test --test-isolation=none test/*.test.mjs

✔ save continuation contains references only and is scoped to one plugin instance (1.388ms)
✔ operation IDs use secure random bytes without secure-context-only randomUUID (0.5933ms)
✔ instance paths and bare/envelope responses, including false and data-shaped DTO (0.3282ms)
✔ replacement and unmount discard delayed reads even when adapter ignores abort (0.1389ms)
✔ one preflight emits exact normalized safe object once; no PUT or postemit read (0.2061ms)
✔ apply scope cannot expand or mutate immutable receipt (0.1376ms)
✔ saved confirmation requires applied readback and disappears when a later refresh fails (3.0675ms)
✔ actual Config mount and save omit private initial fields; number controls send numbers; emit once without PUT (25.9415ms)
✔ Page offers human workflow navigation and keeps all nine diagnostic domains reachable without writes (12.7689ms)
✔ delayed Config preflight cannot emit after unmount (13.333ms)
✔ configuration refresh cannot save an older draft using the newly fetched revision (14.6301ms)
✔ actual immutable preview confirmation sends only receipt/opid/confirm and honors blockers (3.4298ms)
✔ actual resource sends server pagination and keeps errors distinct from empty (2.1485ms)
✔ actual diagnostics uses worker revision for the typed local reconcile action (0.7766ms)
✔ actual scan rows navigate to bounded items and select the persisted mapping-test identity (1.5212ms)
✔ subscription cards show titles; late detail cannot replace the selected work; failed reads retain marked stale data (2.9685ms)
✔ adoption UI reads native subscriptions and confirms unchanged identity without creating a subscription (1.9349ms)
✔ adoption blocks changed native identity and does not submit after the dialog closes (1.94ms)
✔ business pages replace generic first screens and bind source actions to the chosen source (5.1403ms)
✔ business action binds object IDs without editable internal keys and submits only the server receipt (0.869ms)
✔ source editor accepts a private RSSHub route with type suffix (1.6529ms)
✔ configuration service failures stay inline without exposing server details (9.6983ms)
✔ episode action carries only the selected unit and current opportunity (1.471ms)
✔ retired media library scope can be removed without changing unrelated scopes (0.871ms)
✔ cleanup confirmation visibly names exact immutable locations and retained scope (0.8863ms)
✔ all domain reads/actions use actual mounted paths and complete Config retains strict safe groups (0.3743ms)
✔ configured Unicode/space/slash paths retain exact names and explicit numeric validation (0.0878ms)
✔ nested configuration errors use human field names and item positions (0.0762ms)
✔ production helper equals independent Python canonical and digest fixture (0.7833ms)
✔ raw native roundtrip preserves Python number tokens, numeric key ordering and Unicode escaping (0.0839ms)
✔ selected old Save preserves unrelated private bytes and verifies before/after full digests (0.7329ms)
✔ HTTP native hashing does not require Web Crypto subtle (0.2491ms)
✔ adoption requires an existing native ID and preserves provider, season and episode group (0.1458ms)
✔ display uses target episodes and actual quality facts, not internal keys or made-up totals (0.0841ms)
✔ policy ALLOW is shown as eligible (0.0354ms)
ℹ tests 35
ℹ suites 0
ℹ pass 35
ℹ fail 0
ℹ cancelled 0
ℹ skipped 0
ℹ todo 0
ℹ duration_ms 381.0924
